#define SimpleChoiceWithAnonymousTypes_alt1_PRESENT 1
#define SimpleChoiceWithAnonymousTypes_alt2_PRESENT 2
inline SimpleChoiceWithAnonymousTypes_alt1_generate_value(value)
{
    if
    ::  true;
        value = 0;
    ::  true;
        value = 1;
    ::  true;
        value = 2;
    ::  true;
        value = 3;
    ::  true;
        value = 4;
    ::  true;
        value = 5;
   fi;
}
inline SimpleChoiceWithAnonymousTypes_alt2_generate_value(value)
{
    if
    ::  true;
        value = -1;
    ::  true;
        value = 0;
    ::  true;
        value = 1;
    fi;
}
inline SimpleChoiceWithAnonymousTypes_generate_value(value)
{
    if
    ::  true;
        SimpleChoiceWithAnonymousTypes_alt1_generate_value(value.alt1);
        value.selection = SimpleChoiceWithAnonymousTypes_alt1_PRESENT;
    ::  true;
        SimpleChoiceWithAnonymousTypes_alt2_generate_value(value.alt2);
        value.selection = SimpleChoiceWithAnonymousTypes_alt2_PRESENT;
    fi;
}
