inline Type1_generate_value(value)
{
    if
    ::  true;
        value = 0;
    ::  true;
        value = 1;
    ::  true;
        value = 2;
    ::  true;
        value = 3;
    fi;
}
inline SimpleVariableSizeSequenceOf_generate_value(value)
{
    int i;
    if
    ::  true;
        for(i : 0 .. 3)
        {
            Type1_generate_value(value.data[i]);
        }
    ::  true;
        for(i : 0 .. 4)
        {
            Type1_generate_value(value.data[i]);
        }
    ::  true;
        for(i : 0 .. 5)
        {
            Type1_generate_value(value.data[i]);
        }
    fi;
}
