inline Outer_sequence_memberSequence_memberInt_generate_value(Outer_sequence_memberSequence_memberInt_gv)
{
    int Outer_sequence_memberSequence_memberInt_tmp;
    if
    ::  atomic {
        select (Outer_sequence_memberSequence_memberInt_tmp : 0 .. 10);
    }
    fi;
    Outer_sequence_memberSequence_memberInt_gv = Outer_sequence_memberSequence_memberInt_tmp;
}
inline Outer_sequence_memberSequence_generate_value(Outer_sequence_memberSequence_gv)
{
    Outer_sequence_memberSequence_memberInt_generate_value(Outer_sequence_memberSequence_gv.memberInt);
}
inline Outer_sequence_generate_value(Outer_sequence_gv)
{
    Outer_sequence_memberSequence_generate_value(Outer_sequence_gv.memberSequence);
}
