inline Type1_generate_value(value)
{
    if
    ::  true;
        value = 0;
    ::  true;
        value = 1;
    ::  true;
        value = 2;
    fi;
}
inline SimpleFixedSizeSequenceOf_generate_value(value)
{
    int i;
    for(i : 0 .. 4)
    {
        Type1_generate_value(value.data[i]);
    }
}
