inline EnvIntParam_generate_value(EnvIntParam_gv)
{
    if
    ::  atomic {
        select (EnvIntParam_gv : 0 .. 9);
    }
    fi;
}
inline EnvBoolParam_generate_value(EnvBoolParam_gv)
{
    if
    ::  true;
        EnvBoolParam_gv = 1;
    ::  true;
        EnvBoolParam_gv = 0;
    fi;
}
inline EnvParamSeq_generate_value(EnvParamSeq_gv)
{
    EnvIntParam_generate_value(EnvParamSeq_gv.x);
    if
    ::  true;
        EnvIntParam_generate_value(EnvParamSeq_gv.y);
        EnvParamSeq_gv.exist.y = 1;
    ::  true;
        EnvParamSeq_gv.exist.y = 0;
    fi;
    EnvBoolParam_generate_value(EnvParamSeq_gv.z);
}
