[01m[K/home/taste/subtyping-projects-final/constrained_absent/work/function_2/SDL/wrappers/function_2_vm_if.c:[m[K In function â€˜[01m[Kinit_function_2[m[Kâ€™:
[01m[K/home/taste/subtyping-projects-final/constrained_absent/work/function_2/SDL/wrappers/function_2_vm_if.c:18:17:[m[K [01;35m[Kwarning: [m[Kunused variable â€˜[01m[Kunused[m[Kâ€™ [[01;35m[K-Wunused-variable[m[K]
       long long [01;35m[Kunused[m[K = getTimeInMilliseconds();
                 [01;35m[K^~~~~~[m[K
[01m[K/home/taste/subtyping-projects-final/constrained_absent/work/function_2/SDL/wrappers/function_2_vm_if.c:[m[K In function â€˜[01m[Kfunction_2_PI_1[m[Kâ€™:
[01m[K/home/taste/subtyping-projects-final/constrained_absent/work/function_2/SDL/wrappers/function_2_vm_if.c:27:34:[m[K [01;35m[Kwarning: [m[Kunused parameter â€˜[01m[KIN_p1_len[m[Kâ€™ [[01;35m[K-Wunused-parameter[m[K]
       (const char *IN_p1, [01;35m[Ksize_t IN_p1_len[m[K)
                           [01;35m[K~~~~~~~^~~~~~~~~[m[K
