[01m[K/home/taste/subtyping-projects-final/constrained_absent/work/build/deploymentview_final/demo/marshallers.c:[m[K In function â€˜[01m[K__po_hi_marshall_type_mychoice_buffer_impl[m[Kâ€™:
[01m[K/home/taste/subtyping-projects-final/constrained_absent/work/build/deploymentview_final/demo/marshallers.c:89:56:[m[K [01;35m[Kwarning: [m[Kpassing argument 1 of â€˜[01m[K__po_hi_marshall_type_mychoice_buffer_max_impl[m[Kâ€™ from incompatible pointer type [[01;35m[K-Wincompatible-pointer-types[m[K]
   __po_hi_marshall_type_mychoice_buffer_max_impl ([01;35m[Kvalue->buffer[m[K, message, offset);
                                                   [01;35m[K~~~~~^~~~~~~~[m[K
[01m[K/home/taste/subtyping-projects-final/constrained_absent/work/build/deploymentview_final/demo/marshallers.c:30:42:[m[K [01;36m[Knote: [m[Kexpected â€˜[01m[Kdataview__stream_element_buffer (*)[32][m[Kâ€™ {aka â€˜[01m[Kchar (*)[32][m[Kâ€™} but argument is of type â€˜[01m[Kdataview__stream_element_buffer *[m[Kâ€™ {aka â€˜[01m[Kchar *[m[Kâ€™}
     ([01;36m[Kdataview__mychoice_buffer_max_impl* value[m[K,
      [01;36m[K~~~~~~~~~~~~~~~~~~~~~~~~~~~~~~~~~~~~^~~~~[m[K
[01m[K/home/taste/subtyping-projects-final/constrained_absent/work/build/deploymentview_final/demo/marshallers.c:[m[K In function â€˜[01m[K__po_hi_marshall_type_myseqof_buffer_impl[m[Kâ€™:
[01m[K/home/taste/subtyping-projects-final/constrained_absent/work/build/deploymentview_final/demo/marshallers.c:127:55:[m[K [01;35m[Kwarning: [m[Kpassing argument 1 of â€˜[01m[K__po_hi_marshall_type_myseqof_buffer_max_impl[m[Kâ€™ from incompatible pointer type [[01;35m[K-Wincompatible-pointer-types[m[K]
   __po_hi_marshall_type_myseqof_buffer_max_impl ([01;35m[Kvalue->buffer[m[K, message, offset);
                                                  [01;35m[K~~~~~^~~~~~~~[m[K
[01m[K/home/taste/subtyping-projects-final/constrained_absent/work/build/deploymentview_final/demo/marshallers.c:104:41:[m[K [01;36m[Knote: [m[Kexpected â€˜[01m[Kdataview__stream_element_buffer (*)[48][m[Kâ€™ {aka â€˜[01m[Kchar (*)[48][m[Kâ€™} but argument is of type â€˜[01m[Kdataview__stream_element_buffer *[m[Kâ€™ {aka â€˜[01m[Kchar *[m[Kâ€™}
     ([01;36m[Kdataview__myseqof_buffer_max_impl* value[m[K,
      [01;36m[K~~~~~~~~~~~~~~~~~~~~~~~~~~~~~~~~~~~^~~~~[m[K
