[01m[K/home/taste/FunctionTesterExample/work/controller/C/wrappers/controller_vm_if.c:[m[K In function â€˜[01m[Kinit_controller[m[Kâ€™:
[01m[K/home/taste/FunctionTesterExample/work/controller/C/wrappers/controller_vm_if.c:18:17:[m[K [01;35m[Kwarning: [m[Kunused variable â€˜[01m[Kunused[m[Kâ€™ [[01;35m[K-Wunused-variable[m[K]
       long long [01;35m[Kunused[m[K = getTimeInMilliseconds();
                 [01;35m[K^~~~~~[m[K
